C:\Users\Keyla Barrientos\Documents\NetBeansProjects\Tienda 1\Tienda\Tienda\src\main\java\com\tienda\controller\CategoriaController.java
C:\Users\Keyla Barrientos\Documents\NetBeansProjects\Tienda 1\Tienda\Tienda\src\main\java\com\tienda\controller\ProductoController.java
C:\Users\Keyla Barrientos\Documents\NetBeansProjects\Tienda 1\Tienda\Tienda\src\main\java\com\tienda\controller\PruebasController.java
C:\Users\Keyla Barrientos\Documents\NetBeansProjects\Tienda 1\Tienda\Tienda\src\main\java\com\tienda\controller\RegistroController.java
C:\Users\Keyla Barrientos\Documents\NetBeansProjects\Tienda 1\Tienda\Tienda\src\main\java\com\tienda\controller\UsuarioController.java
C:\Users\Keyla Barrientos\Documents\NetBeansProjects\Tienda 1\Tienda\Tienda\src\main\java\com\tienda\dao\CategoriaDao.java
C:\Users\Keyla Barrientos\Documents\NetBeansProjects\Tienda 1\Tienda\Tienda\src\main\java\com\tienda\dao\ProductoDao.java
C:\Users\Keyla Barrientos\Documents\NetBeansProjects\Tienda 1\Tienda\Tienda\src\main\java\com\tienda\dao\RolDao.java
C:\Users\Keyla Barrientos\Documents\NetBeansProjects\Tienda 1\Tienda\Tienda\src\main\java\com\tienda\dao\UsuarioDao.java
C:\Users\Keyla Barrientos\Documents\NetBeansProjects\Tienda 1\Tienda\Tienda\src\main\java\com\tienda\domain\Categoria.java
C:\Users\Keyla Barrientos\Documents\NetBeansProjects\Tienda 1\Tienda\Tienda\src\main\java\com\tienda\domain\Producto.java
C:\Users\Keyla Barrientos\Documents\NetBeansProjects\Tienda 1\Tienda\Tienda\src\main\java\com\tienda\domain\Rol.java
C:\Users\Keyla Barrientos\Documents\NetBeansProjects\Tienda 1\Tienda\Tienda\src\main\java\com\tienda\domain\Usuario.java
C:\Users\Keyla Barrientos\Documents\NetBeansProjects\Tienda 1\Tienda\Tienda\src\main\java\com\tienda\ProjectConfig.java
C:\Users\Keyla Barrientos\Documents\NetBeansProjects\Tienda 1\Tienda\Tienda\src\main\java\com\tienda\service\CategoriaService.java
C:\Users\Keyla Barrientos\Documents\NetBeansProjects\Tienda 1\Tienda\Tienda\src\main\java\com\tienda\service\CorreoService.java
C:\Users\Keyla Barrientos\Documents\NetBeansProjects\Tienda 1\Tienda\Tienda\src\main\java\com\tienda\service\FirebaseStorageService.java
C:\Users\Keyla Barrientos\Documents\NetBeansProjects\Tienda 1\Tienda\Tienda\src\main\java\com\tienda\service\impl\CategoriaServiceImpl.java
C:\Users\Keyla Barrientos\Documents\NetBeansProjects\Tienda 1\Tienda\Tienda\src\main\java\com\tienda\service\impl\CorreoServiceImpl.java
C:\Users\Keyla Barrientos\Documents\NetBeansProjects\Tienda 1\Tienda\Tienda\src\main\java\com\tienda\service\impl\FirebaseStorageServiceImpl.java
C:\Users\Keyla Barrientos\Documents\NetBeansProjects\Tienda 1\Tienda\Tienda\src\main\java\com\tienda\service\impl\ProductoServiceImpl.java
C:\Users\Keyla Barrientos\Documents\NetBeansProjects\Tienda 1\Tienda\Tienda\src\main\java\com\tienda\service\impl\RegistroServiceImpl.java
C:\Users\Keyla Barrientos\Documents\NetBeansProjects\Tienda 1\Tienda\Tienda\src\main\java\com\tienda\service\impl\UsuarioDetailsServiceImpl.java
C:\Users\Keyla Barrientos\Documents\NetBeansProjects\Tienda 1\Tienda\Tienda\src\main\java\com\tienda\service\impl\UsuarioServiceImpl.java
C:\Users\Keyla Barrientos\Documents\NetBeansProjects\Tienda 1\Tienda\Tienda\src\main\java\com\tienda\service\ProductoService.java
C:\Users\Keyla Barrientos\Documents\NetBeansProjects\Tienda 1\Tienda\Tienda\src\main\java\com\tienda\service\RegistroService.java
C:\Users\Keyla Barrientos\Documents\NetBeansProjects\Tienda 1\Tienda\Tienda\src\main\java\com\tienda\service\UsuarioDetailsService.java
C:\Users\Keyla Barrientos\Documents\NetBeansProjects\Tienda 1\Tienda\Tienda\src\main\java\com\tienda\service\UsuarioService.java
C:\Users\Keyla Barrientos\Documents\NetBeansProjects\Tienda 1\Tienda\Tienda\src\main\java\com\tienda\TiendaApplication.java
